// Jest Snapshot v1, https://goo.gl/fbAQLP

exports[`Component BandsBrowser snapshot renders correctly 1`] = `
<div
  className="content"
>
  Loading ...
</div>
`;
