// Jest Snapshot v1, https://goo.gl/fbAQLP

exports[`Component Content snapshot renders correctly 1`] = `<BandsBrowser />`;
